// Jest Snapshot v1, https://goo.gl/fbAQLP

exports[`<ReviewList /> Should render component ReviewList 1`] = `ShallowWrapper {}`;
