// Jest Snapshot v1, https://goo.gl/fbAQLP

exports[`<YelpReviews /> Should render component YelpReviews 1`] = `ShallowWrapper {}`;
